#-----------------------------------------------------------
# Vivado v2019.1 (64-bit)
# SW Build 2552052 on Fri May 24 14:49:42 MDT 2019
# IP Build 2548770 on Fri May 24 18:01:18 MDT 2019
# Start of session at: Fri Oct 13 19:27:17 2023
# Process ID: 22972
# Current directory: E:/NL/projects/homework/ex02/transmission8
# Command line: vivado.exe -gui_launcher_event rodinguilauncherevent22364 E:\NL\projects\homework\ex02\transmission8\transmission8.xpr
# Log file: E:/NL/projects/homework/ex02/transmission8/vivado.log
# Journal file: E:/NL/projects/homework/ex02/transmission8\vivado.jou
#-----------------------------------------------------------
start_gui
open_project E:/NL/projects/homework/ex02/transmission8/transmission8.xpr
update_compile_order -fileset sources_1
reset_run impl_1 -prev_step 
launch_runs impl_1 -to_step write_bitstream -jobs 4
wait_on_run impl_1
open_hw
connect_hw_server
open_hw_target
set_property PROGRAM.FILE {E:/NL/projects/homework/ex02/transmission8/transmission8.runs/impl_1/transmission8.bit} [get_hw_devices xc7a100t_0]
current_hw_device [get_hw_devices xc7a100t_0]
refresh_hw_device -update_hw_probes false [lindex [get_hw_devices xc7a100t_0] 0]
set_property PROBES.FILE {} [get_hw_devices xc7a100t_0]
set_property FULL_PROBES.FILE {} [get_hw_devices xc7a100t_0]
set_property PROGRAM.FILE {E:/NL/projects/homework/ex02/transmission8/transmission8.runs/impl_1/transmission8.bit} [get_hw_devices xc7a100t_0]
program_hw_devices [get_hw_devices xc7a100t_0]
refresh_hw_device [lindex [get_hw_devices xc7a100t_0] 0]
launch_simulation
